// Jest Snapshot v1, https://goo.gl/fbAQLP

exports[`Pruebas en <GridItem/> debe hacer match con el snapshot 1`] = `
<div>
  <div
    class="card"
  >
    <img
      alt="Marvel"
      src="https://marvel.com/image.jpg"
    />
    <p>
      Marvel
    </p>
  </div>
</div>
`;
